--------------------------------------------------------------------------------
Release 14.7 Trace  (nt64)
Copyright (c) 1995-2013 Xilinx, Inc.  All rights reserved.

D:\ise\14.7\ISE_DS\ISE\bin\nt64\unwrapped\trce.exe -intstyle ise -v 3 -s 2L -n
3 -fastpaths -xml shujuxuanzeqi.twx shujuxuanzeqi.ncd -o shujuxuanzeqi.twr
shujuxuanzeqi.pcf -ucf shujuxuanzeqi.ucf

Design file:              shujuxuanzeqi.ncd
Physical constraint file: shujuxuanzeqi.pcf
Device,package,speed:     xc7a100t,fgg484,C,-2L (PRODUCTION 1.10 2013-10-13)
Report level:             verbose report

Environment Variable      Effect 
--------------------      ------ 
NONE                      No environment variables were set
--------------------------------------------------------------------------------

INFO:Timing:2698 - No timing constraints found, doing default enumeration.
INFO:Timing:3412 - To improve timing, see the Timing Closure User Guide (UG612).
INFO:Timing:2752 - To get complete path coverage, use the unconstrained paths 
   option. All paths that are not constrained will be reported in the 
   unconstrained paths section(s) of the report.
INFO:Timing:3339 - The clock-to-out numbers in this timing report are based on 
   a 50 Ohm transmission line loading model.  For the details of this model, 
   and for more information on accounting for different loading conditions, 
   please see the device datasheet.



Data Sheet report:
-----------------
All values displayed in nanoseconds (ns)

Pad to Pad
---------------+---------------+---------+
Source Pad     |Destination Pad|  Delay  |
---------------+---------------+---------+
A<0>           |Y<0>           |    6.714|
A<1>           |Y<1>           |    7.679|
B<0>           |Y<0>           |    6.892|
B<1>           |Y<1>           |    7.604|
C<0>           |Y<0>           |    6.583|
C<1>           |Y<1>           |    6.844|
D<0>           |Y<0>           |    6.759|
D<1>           |Y<1>           |    6.827|
EN             |Y<0>           |    7.311|
EN             |Y<1>           |    7.574|
S<0>           |Y<0>           |    7.796|
S<0>           |Y<1>           |    8.236|
S<1>           |Y<0>           |    7.237|
S<1>           |Y<1>           |    7.129|
---------------+---------------+---------+


Analysis completed Wed Dec 01 11:52:52 2021 
--------------------------------------------------------------------------------

Trace Settings:
-------------------------
Trace Settings 

Peak Memory Usage: 4950 MB



